// Jest Snapshot v1, https://goo.gl/fbAQLP

exports[`renders correctly 1`] = `
<View
  style={
    {
      "alignItems": "center",
      "display": "flex",
      "flex": 1,
      "justifyContent": "center",
      "width": "auto",
    }
  }
>
  <Text
    style={
      {
        "fontSize": 28,
      }
    }
  >
    Welcome to
     
    <Text
      onPress={[Function]}
      style={
        {
          "color": "rgb(171, 91, 85)",
          "textDecorationLine": "underline",
        }
      }
    >
      CODEB
    </Text>
  </Text>
</View>
`;
